
****************************************
command in NOT emptydir:
./a.out2 | echo no < n | echo yes < y | cat | ./a.out2
****************************************
==========output==========
YOU:
n: No such file or directory
y: No such file or directory
sleep: command not found
cat: command not found


****This program has been executed successfully****
160

BASH:
n: No such file or directory
y: No such file or directory
cat: command not found


****This program has been executed successfully****
135

****************************************
command in emptydir:
./a.out2 | echo no < n | echo yes < y | cat | ./a.out2
****************************************
==========output==========
YOU:
n: No such file or directory
y: No such file or directory
sleep: command not found
./a.out2minishell: cat: command not found
or directory
No such file or directory

165

BASH:
./a.out2: No such file or directory
n: No such file or directory
y: No such file or directory
cat: command not found
./a.out2: No such file or directory

154

****************************************
command in NOT emptydir:
./a.out2 | echo non < no | echo oui < yes | cat main.c
****************************************
==========output==========
YOU:
no: No such file or directory
yes: No such file or directory
sleep: command not found
cat: command not found

110

BASH:
no: No such file or directory
yes: No such file or directory
cat: command not found

85

****************************************
command in emptydir:
./a.out2 | echo non < no | echo oui < yes | cat main.c
****************************************
==========output==========
YOU:
no: No such file or directory
yes: No such file or directory
sleep: command not found
cat: command not found
./a.out2: No such file or directory

146

BASH:
./a.out2: No such file or directory
no: No such file or directory
yes: No such file or directory
cat: command not found

121

****************************************
command in NOT emptydir:
./a.out2 | echo non > no | echo oui > yes | cat | ./a.out2
****************************************
==========output==========
YOU:
sleep: command not found
cat: command not found


****This program has been executed successfully****
102

BASH:
cat: command not found


****This program has been executed successfully****
77

****************************************
command in emptydir:
./a.out2 | echo non > no | echo oui > yes | cat | ./a.out2
****************************************
==========output==========
YOU:
sleep: command not found
./a.out2: No such file or directory
cat: command not found
./a.out2: No such file or directory

121

BASH:
./a.out2: No such file or directory
cat: command not found
./a.out2: No such file or directory

96

****************************************
command in NOT emptydir:
./a.out2 | echo non > no | echo oui > yes | pwd
****************************************
==========output==========
YOU:
sleep: command not found

/Users/arthurtainmont/goinfre/minishell_unittest/test/test
85

BASH:

/Users/arthurtainmont/goinfre/minishell_unittest/test/test
60

****************************************
command in emptydir:
./a.out2 | echo non > no | echo oui > yes | pwd
****************************************
==========output==========
YOU:
sleep: command not found
./a.out2: No such file or directory

/Users/arthurtainmont/goinfre/minishell_unittest/test/empty
122

BASH:
./a.out2: No such file or directory

/Users/arthurtainmont/goinfre/minishell_unittest/test/empty
97

****************************************
command in NOT emptydir:
./a.out2 | echo non < no | echo oui < yes | cat
****************************************
==========output==========
YOU:
no: No such file or directory
yes: No such file or directory
sleep: command not found
cat: command not found

110

BASH:
no: No such file or directory
yes: No such file or directory
cat: command not found

85

****************************************
command in emptydir:
./a.out2 | echo non < no | echo oui < yes | cat
****************************************
==========output==========
YOU:
no: No such file or directory
yes: No such file or directory
sleep: command not found
cat: command not found
./a.out2: No such file or directory

146

BASH:
./a.out2: No such file or directory
no: No such file or directory
yes: No such file or directory
cat: command not found

121

****************************************
command in NOT emptydir:
./a.out2 | cat | cat < oui | cat
****************************************
==========output==========
YOU:
oui: No such file or directory
sleep: command not found
cat: command not found

80

BASH:
cat: command not found
oui: No such file or directory
cat: command not found

78

****************************************
command in emptydir:
./a.out2 | cat | cat < oui | cat
****************************************
==========output==========
YOU:
oui: No such file or directory
sleep: command not found
cat: command not found
./a.out2: No such file or directory

116

BASH:
./a.out2: No such file or directory
cat: command not found
oui: No such file or directory
cat: command not found

114

****************************************
command in NOT emptydir:
echo coucou | echo lol | cat < yes | echo mdr
****************************************
==========output==========
YOU:
yes: No such file or directory
sleep: command not found

mdr
61

BASH:
yes: No such file or directory

mdr
36

****************************************
command in NOT emptydir:
pwd | echo no > no | echo ouo < yes | pwd
****************************************
==========output==========
YOU:
yes: No such file or directory
sleep: command not found

/Users/arthurtainmont/goinfre/minishell_unittest/test/test
116

BASH:
yes: No such file or directory

/Users/arthurtainmont/goinfre/minishell_unittest/test/test
91

****************************************
command in NOT emptydir:
echo lol |exit
****************************************
==========output==========
YOU:

exit
6

BASH:

1

****************************************
command in emptydir:
hexdump < main.c > s
****************************************
==========output==========
YOU:
main.c: No such file or directory

35

BASH:
main.c: No such file or directory

35
==========files==========
YOU:
['s']
BASH:
None
==========cat_files==========
YOU:
[]
BASH:


****************************************
command in NOT emptydir:
ede < main.c > s > l| pwd -> We create s and l fils while bash doesn't
****************************************
==========output==========
YOU:
error : multiline commands not supported.
ede: command not found

66

BASH:
-c: line 0: unexpected EOF while looking for matching `''
-c: line 1: syntax error: unexpected end of file

108
==========files==========
YOU:
['s', 'l']
BASH:
None
==========cat_files==========
YOU:
[][]
BASH:


****************************************
command in emptydir:
ede < main.c > s > l| pwd -> We create s and l fils while bash doesn't
****************************************
==========output==========
YOU:
error : multiline commands not supported.
main.c: No such file or directory

77

BASH:
-c: line 0: unexpected EOF while looking for matching `''
-c: line 1: syntax error: unexpected end of file

108
==========files==========
YOU:
['s', 'l']
BASH:
None
==========cat_files==========
YOU:
[][]
BASH:


****************************************
command in emptydir:
cat < main.c > t > t.txt -> Mac unnecessary error message; stdin:bad file descriptor
****************************************
==========output==========
YOU:
t: Is a directory
stdin:bad: command not found

48

BASH:
main.c: No such file or directory
stdin:bad: command not found

64

****************************************
command in emptydir:
cat < main.c < main2.c > t -> Mac unnecessary error message; stdin:bad file descriptor
****************************************
==========output==========
YOU:
t: Is a directory
stdin:bad: command not found

48

BASH:
main.c: No such file or directory
stdin:bad: command not found

64

****************************************
command in emptydir:
cat < main.c < main2.c >> t -> Mac unnecessary error message; stdin:bad file descriptor
****************************************
==========output==========
YOU:
t: Is a directory
stdin:bad: command not found

48

BASH:
main.c: No such file or directory
stdin:bad: command not found

64

****************************************
command in emptydir:
cat < main.c > s > l| pwd -> Mac unnecessary error message; stdin:bad file descriptor
****************************************
==========output==========
YOU:
main.c: No such file or directory
stdin:bad: command not found

64

BASH:
main.c: No such file or directory
stdin:bad: command not found

64
==========files==========
YOU:
['s', 'Mac', 'l']
BASH:
['Mac']
==========cat_files==========
YOU:
[]['/Users/arthurtainmont/goinfre/minishell_unittest/test/empty\n'][]
BASH:
['/Users/arthurtainmont/goinfre/minishell_unittest/test/empty\n']

****************************************
command in emptydir:
cat < main.c > t | pwd | ./a.out2 -> Mac unnecessary error message; stdin:bad file descriptor
****************************************
==========output==========
YOU:
t: Is a directory
./a.out2: No such file or directory
stdin:bad: command not found

84

BASH:
main.c: No such file or directory
./a.out2: No such file or directory
stdin:bad: command not found

100

****************************************
command in NOT emptydir:
cat > t.txt < main.c | cat
****************************************
==========output==========
YOU:
cat: command not found
sleep: command not found
cat: command not found

72

BASH:
cat: command not found
cat: command not found

47

****************************************
command in emptydir:
cat > t.txt < main.c | cat
****************************************
==========output==========
YOU:
main.c: No such file or directory
sleep: command not found
cat: command not found

83

BASH:
main.c: No such file or directory
cat: command not found

58

****************************************
command in NOT emptydir:
echo ">" > text
****************************************
==========output==========
YOU:

> > text
10

BASH:

1
==========files==========
YOU:
None
BASH:
['text']
==========cat_files==========
YOU:

BASH:
['>\n']

****************************************
command in NOT emptydir:
echo ">" hello > text
****************************************
==========output==========
YOU:

> hello > text
16

BASH:

1
==========files==========
YOU:
None
BASH:
['text']
==========cat_files==========
YOU:

BASH:
['> hello\n']

****************************************
command in NOT emptydir:
echo "> hello>" > text
****************************************
==========output==========
YOU:

> hello> > text

18

BASH:

1
==========files==========
YOU:
None
BASH:
['text']
==========cat_files==========
YOU:

BASH:
['> hello>\n']

****************************************
command in NOT emptydir:
echo '$USER' -> Unittest bugs but correct
****************************************
==========output==========
YOU:

1

BASH:

1
==========files==========
YOU:
['Unittest']
BASH:
['Unittest']
==========cat_files==========
YOU:
['arthurtainmont -bugs but correct\n']
BASH:
['$USER - bugs but correct\n']

****************************************
command in NOT emptydir:
echo \\$?
****************************************
==========output==========
YOU:

$?
4

BASH:

\0
4
